Nette\DateTime::__set_state(array(
	'date' => '2012-05-13 23:34:53',
	'timezone_type' => 3,
	'timezone' => 'Europe/Bratislava',
))