Nette\DateTime::__set_state(array(
	'date' => '2012-05-13 14:41:27',
	'timezone_type' => 3,
	'timezone' => 'Europe/Bratislava',
))